// Jest Snapshot v1, https://goo.gl/fbAQLP

exports[`instruments: sum should return regular sum 1`] = `4`;
