// Jest Snapshot v1, https://goo.gl/fbAQLP

exports[`Counter should match snapshot 1`] = `
<section>
  Posts count: 
  3
</section>
`;
